
[1m[7m[36m RUN [39m[27m[22m [36mv2.1.9 [39m[90mD:/Hamburg/Hamburg Buzz/Digital/AirGap/airgap v1[39m

 [31mΓ¥»[39m tests/protocol.test.ts [2m([22m[2m7 tests[22m[2m | [22m[31m2 failed[39m[2m)[22m[90m 21[2mms[22m[39m
[31m   [31m├ù[31m Protocol Utilities[2m > [22mcrc32[2m > [22mshould calculate correct checksum for strings[90m 6[2mms[22m[31m[39m
[31m     ΓåÆ expected 2045031902 to be 2580795768 // Object.is equality[39m
[31m   [31m├ù[31m Protocol Utilities[2m > [22mgenerateAckPacket[2m > [22mshould generate correctly formatted ACK string[90m 2[2mms[22m[31m[39m
[31m     ΓåÆ Invalid Chai property: startsWith[39m

node.exe : [31mΓÄ»ΓÄ»
ΓÄ»ΓÄ»ΓÄ»ΓÄ»ΓÄ»[1m[7
m Failed Tests 2 [27m
[22mΓÄ»ΓÄ»ΓÄ»ΓÄ»ΓÄ»ΓÄ
»ΓÄ»[39m
At line:1 char:1
+ & "C:\Program Files\
nodejs/node.exe" 
"C:\Program 
Files\nodejs/node_mo 
...
+ ~~~~~~~~~~~~~~~~~~~~
~~~~~~~~~~~~~~~~~~~~~~
~~~~~~~~~~~~~~~~~~~~~~
~~~~~
    + CategoryInfo    
          : NotSpeci  
  fied: ([31mΓÄ»ΓÄ   
 »ΓÄ»Γ...»ΓÄ»ΓÄ»ΓÄ    
»[39m:String) []    
, RemoteException
    + FullyQualifiedE 
   rrorId : NativeCo  
  mmandError
 

[31m[1m[7m FAIL 
[27m[22m[39m tests/
protocol.test.ts[2m 
> [22mProtocol 
Utilities[2m > 
[22mcrc32[2m > 
[22mshould calculate 
correct checksum for 
strings
[31m[1mAssertionErro
r[22m: expected 
2045031902 to be 
2580795768 // 
Object.is 
equality[39m

[32m- Expected[39m
[31m+ Received[39m

[32m- 2580795768[39m
[31m+ 2045031902[39m

[36m [2mΓ¥»[22m tes
ts/protocol.test.ts:[
2m30:37[22m[39m
[2m Test Files [22m [1m[31m1 failed[39m[22m[90m (1)[39m
[2m      Tests [22m [1m[31m2 failed[39m[22m[2m | [22m[1m[32m5 passed[39m[22m[90m (7)[39m
[2m   Start at [22m 00:55:14
[2m   Duration [22m 3.97s[2m (transform 62ms, setup 484ms, collect 47ms, tests 21ms, environment 1.89s, prepare 194ms)[22m

    [90m 28| [39m   
     [34mit[39m([32
m'should calculate 
correct checksum for s
trings'[39m[33m,[39
m () [33m=>[39m {
    [90m 29| [39m   
         [90m// Test 
vectors for CRC32[39m
    [90m 30| [39m   
         [34mexpect[
39m([34mcrc32[39m([
32m'AirGap'[39m))[33
m.[39m[34mtoBe[39m(
[34m2580795768[39m)
[33m;[39m
    [90m   | [39m   
                      
           [31m^[39m
    [90m 31| [39m   
         [34mexpect[
39m([34mcrc32[39m([
32m''[39m))[33m.[39
m[34mtoBe[39m([34m0
[39m)[33m;[39m
    [90m 32| [39m   
     })[33m;[39m

[31m[2mΓÄ»ΓÄ»ΓÄ»ΓÄ»Γ
Ä»ΓÄ»ΓÄ»ΓÄ»ΓÄ»ΓÄ»ΓÄ»ΓÄ
»ΓÄ»ΓÄ»ΓÄ»ΓÄ»ΓÄ»ΓÄ»ΓÄ»
ΓÄ»ΓÄ»ΓÄ»ΓÄ»ΓÄ»[1/2]ΓÄ
»[22m[39m

[31m[1m[7m FAIL 
[27m[22m[39m tests/
protocol.test.ts[2m 
> [22mProtocol 
Utilities[2m > [22mg
enerateAckPacket[2m 
> [22mshould 
generate correctly 
formatted ACK string
[31m[1mError[22m: 
Invalid Chai 
property: 
startsWith[39m
[36m [2mΓ¥»[22m tes
ts/protocol.test.ts:[
2m42:23[22m[39m
    [90m 40| [39m   
         
[35mconst[39m ack 
[33m=[39m [34mgener
ateAckPacket[39m(id[
33m,[39m 
received[33m,[39m 
missing)[33m;[39m
    [90m 41| [39m
    [90m 42| [39m   
         [34mexpect[
39m(ack)[33m.[39m[3
4mstartsWith[39m([32
m'AGv2:A:'[39m)[33m;
[39m
    [90m   | [39m   
                   
[31m^[39m
    [90m 43| [39m   
         
[35mconst[39m data 
[33m=[39m [33mJSON
[39m[33m.[39m[34mpa
rse[39m(ack[33m.[39
m[34msplit[39m([32m
'AGv2:A:'[39m)[[34m1
[39m])[33m;[39m
    [90m 44| [39m   
         [34mexpect[
39m(data[33m.[39mid)
[33m.[39m[34mtoBe[
39m(id)[33m;[39m

[31m[2mΓÄ»ΓÄ»ΓÄ»ΓÄ»Γ
Ä»ΓÄ»ΓÄ»ΓÄ»ΓÄ»ΓÄ»ΓÄ»ΓÄ
»ΓÄ»ΓÄ»ΓÄ»ΓÄ»ΓÄ»ΓÄ»ΓÄ»
ΓÄ»ΓÄ»ΓÄ»ΓÄ»ΓÄ»[2/2]ΓÄ
»[22m[39m

